callback: current state=0 count=0
callback: current state=1 count=1
callback: current state=0 count=2
callback: current state=1 count=3
activating inner event ev0
callback: current state=0 count=4
callback: current state=1 count=5
callback: current state=0 count=6
callback: current state=1 count=7
callback: current state=0 count=8
callback: current state=1 count=9
callback: current state=0 count=10
callback: current state=1 count=11
